

 LOG file opened at 02/15/26 17:05:28

Total Number of Files=1

Data File: emp_dept10.txt

Log File: EMP_TAB_7116_17920.log



 LOG file opened at 02/15/26 17:05:28

Bad File: EMP_TAB_7116_17920.bad

Field Definitions for table EMP_TAB
  Record format DELIMITED BY NEWLINE
  Data in file has same endianness as the platform
  Rows with all null fields are accepted

  Fields in Data Source: 

    EMPNO                           CHAR (255)
      Terminated by ","
      Trim whitespace same as SQL Loader
    ENAME                           CHAR (255)
      Terminated by ","
      Trim whitespace same as SQL Loader
    HIREDATE                        CHAR (255)
      Terminated by ","
      Trim whitespace same as SQL Loader
    DEPTNO                          CHAR (255)
      Terminated by ","
      Trim whitespace same as SQL Loader

Date Cache Statistics for table EMP_TAB
  Max Size:      1000
  Entries :         3
  Hits    :         0
  Misses  :         0



 LOG file opened at 02/15/26 17:05:46

Total Number of Files=1

Data File: emp_dept10.txt

Log File: EMP_TAB_7116_17920.log



 LOG file opened at 02/15/26 17:05:46

Bad File: EMP_TAB_7116_17920.bad

Field Definitions for table EMP_TAB
  Record format DELIMITED BY NEWLINE
  Data in file has same endianness as the platform
  Rows with all null fields are accepted

  Fields in Data Source: 

    EMPNO                           CHAR (255)
      Terminated by ","
      Trim whitespace same as SQL Loader
    ENAME                           CHAR (255)
      Terminated by ","
      Trim whitespace same as SQL Loader
    HIREDATE                        CHAR (255)
      Terminated by ","
      Trim whitespace same as SQL Loader
    DEPTNO                          CHAR (255)
      Terminated by ","
      Trim whitespace same as SQL Loader

Date Cache Statistics for table EMP_TAB
  Max Size:      1000
  Entries :         3
  Hits    :         0
  Misses  :         0

